node:fs:441
    return binding.readFileUtf8(path, stringToFlags(options.flag));
                   ^

Error: EPERM: operation not permitted, open '/Users/nhyysaepx/.nvm/versions/node/v24.16.0/lib/node_modules/npm/bin/npm-cli.js'
    at Object.readFileSync (node:fs:441:20)
    at defaultLoadImpl (node:internal/modules/cjs/loader:1190:17)
    at loadSource (node:internal/modules/cjs/loader:1880:20)
    at Object..js (node:internal/modules/cjs/loader:1978:44)
    at Module.load (node:internal/modules/cjs/loader:1577:32)
    at Module._load (node:internal/modules/cjs/loader:1379:12)
    at wrapModuleLoad (node:internal/modules/cjs/loader:255:19)
    at Module.executeUserEntryPoint [as runMain] (node:internal/modules/run_main:154:5)
    at node:internal/main/run_main_module:33:47 {
  errno: -1,
  code: 'EPERM',
  syscall: 'open',
  path: '/Users/nhyysaepx/.nvm/versions/node/v24.16.0/lib/node_modules/npm/bin/npm-cli.js'
}

Node.js v24.16.0
